{"type":"server-started","port":52196,"host":"127.0.0.1","url_host":"localhost","url":"http://localhost:52196","screen_dir":"/Users/bq/Documents/Znuni/.superpowers/brainstorm/88117-1774175237"}
{"type":"screen-added","file":"/Users/bq/Documents/Znuni/.superpowers/brainstorm/88117-1774175237/today-tab-flow.html"}
{"type":"screen-updated","file":"/Users/bq/Documents/Znuni/.superpowers/brainstorm/88117-1774175237/today-tab-flow.html"}
{"type":"screen-updated","file":"/Users/bq/Documents/Znuni/.superpowers/brainstorm/88117-1774175237/today-tab-flow.html"}
{"type":"screen-updated","file":"/Users/bq/Documents/Znuni/.superpowers/brainstorm/88117-1774175237/today-tab-flow.html"}
{"type":"screen-added","file":"/Users/bq/Documents/Znuni/.superpowers/brainstorm/88117-1774175237/today-tab-flow-v2.html"}
{"type":"screen-updated","file":"/Users/bq/Documents/Znuni/.superpowers/brainstorm/88117-1774175237/today-tab-flow-v2.html"}
{"type":"screen-updated","file":"/Users/bq/Documents/Znuni/.superpowers/brainstorm/88117-1774175237/today-tab-flow-v2.html"}
{"type":"screen-updated","file":"/Users/bq/Documents/Znuni/.superpowers/brainstorm/88117-1774175237/today-tab-flow-v2.html"}
{"type":"screen-added","file":"/Users/bq/Documents/Znuni/.superpowers/brainstorm/88117-1774175237/today-znuni-design.html"}
{"type":"screen-updated","file":"/Users/bq/Documents/Znuni/.superpowers/brainstorm/88117-1774175237/today-znuni-design.html"}
{"type":"screen-updated","file":"/Users/bq/Documents/Znuni/.superpowers/brainstorm/88117-1774175237/today-znuni-design.html"}
{"type":"screen-updated","file":"/Users/bq/Documents/Znuni/.superpowers/brainstorm/88117-1774175237/today-znuni-design.html"}
{"type":"screen-added","file":"/Users/bq/Documents/Znuni/.superpowers/brainstorm/88117-1774175237/today-faithful.html"}
{"type":"screen-updated","file":"/Users/bq/Documents/Znuni/.superpowers/brainstorm/88117-1774175237/today-faithful.html"}
{"type":"screen-updated","file":"/Users/bq/Documents/Znuni/.superpowers/brainstorm/88117-1774175237/today-faithful.html"}
{"type":"screen-updated","file":"/Users/bq/Documents/Znuni/.superpowers/brainstorm/88117-1774175237/today-faithful.html"}
{"type":"screen-updated","file":"/Users/bq/Documents/Znuni/.superpowers/brainstorm/88117-1774175237/today-faithful.html"}
{"type":"screen-updated","file":"/Users/bq/Documents/Znuni/.superpowers/brainstorm/88117-1774175237/today-faithful.html"}
{"type":"screen-updated","file":"/Users/bq/Documents/Znuni/.superpowers/brainstorm/88117-1774175237/today-faithful.html"}
{"type":"screen-updated","file":"/Users/bq/Documents/Znuni/.superpowers/brainstorm/88117-1774175237/today-faithful.html"}
{"type":"screen-updated","file":"/Users/bq/Documents/Znuni/.superpowers/brainstorm/88117-1774175237/today-faithful.html"}
{"type":"screen-updated","file":"/Users/bq/Documents/Znuni/.superpowers/brainstorm/88117-1774175237/today-faithful.html"}
{"type":"screen-updated","file":"/Users/bq/Documents/Znuni/.superpowers/brainstorm/88117-1774175237/today-faithful.html"}
{"type":"screen-updated","file":"/Users/bq/Documents/Znuni/.superpowers/brainstorm/88117-1774175237/today-faithful.html"}
{"type":"screen-updated","file":"/Users/bq/Documents/Znuni/.superpowers/brainstorm/88117-1774175237/today-faithful.html"}
{"type":"screen-updated","file":"/Users/bq/Documents/Znuni/.superpowers/brainstorm/88117-1774175237/today-faithful.html"}
{"type":"screen-updated","file":"/Users/bq/Documents/Znuni/.superpowers/brainstorm/88117-1774175237/today-faithful.html"}
{"type":"screen-updated","file":"/Users/bq/Documents/Znuni/.superpowers/brainstorm/88117-1774175237/today-faithful.html"}
{"type":"screen-updated","file":"/Users/bq/Documents/Znuni/.superpowers/brainstorm/88117-1774175237/today-faithful.html"}
{"type":"screen-updated","file":"/Users/bq/Documents/Znuni/.superpowers/brainstorm/88117-1774175237/today-faithful.html"}
{"type":"screen-updated","file":"/Users/bq/Documents/Znuni/.superpowers/brainstorm/88117-1774175237/today-faithful.html"}
{"type":"screen-updated","file":"/Users/bq/Documents/Znuni/.superpowers/brainstorm/88117-1774175237/today-faithful.html"}
{"type":"screen-updated","file":"/Users/bq/Documents/Znuni/.superpowers/brainstorm/88117-1774175237/today-faithful.html"}
{"type":"screen-updated","file":"/Users/bq/Documents/Znuni/.superpowers/brainstorm/88117-1774175237/today-faithful.html"}
{"type":"screen-updated","file":"/Users/bq/Documents/Znuni/.superpowers/brainstorm/88117-1774175237/today-faithful.html"}
{"type":"screen-updated","file":"/Users/bq/Documents/Znuni/.superpowers/brainstorm/88117-1774175237/today-faithful.html"}
{"type":"screen-updated","file":"/Users/bq/Documents/Znuni/.superpowers/brainstorm/88117-1774175237/today-faithful.html"}
{"type":"screen-added","file":"/Users/bq/Documents/Znuni/.superpowers/brainstorm/88117-1774175237/today-complete.html"}
{"type":"screen-updated","file":"/Users/bq/Documents/Znuni/.superpowers/brainstorm/88117-1774175237/today-complete.html"}
{"type":"screen-updated","file":"/Users/bq/Documents/Znuni/.superpowers/brainstorm/88117-1774175237/today-complete.html"}
{"type":"screen-updated","file":"/Users/bq/Documents/Znuni/.superpowers/brainstorm/88117-1774175237/today-complete.html"}
{"type":"screen-added","file":"/Users/bq/Documents/Znuni/.superpowers/brainstorm/88117-1774175237/waiting.html"}
{"type":"screen-updated","file":"/Users/bq/Documents/Znuni/.superpowers/brainstorm/88117-1774175237/waiting.html"}
{"type":"screen-updated","file":"/Users/bq/Documents/Znuni/.superpowers/brainstorm/88117-1774175237/waiting.html"}
{"type":"screen-updated","file":"/Users/bq/Documents/Znuni/.superpowers/brainstorm/88117-1774175237/waiting.html"}
{"type":"server-stopped","reason":"idle timeout"}
